
--- spawn 2026-06-05T23:17:36.298734 npm.cmd run dev --ignore-scripts ---

> teshi-desktop@0.5.0 dev
> vite


  VITE v6.4.2  ready in 233 ms

  ➜  Local:   http://127.0.0.1:1420/
23:19:14 [vite] ws proxy error:
Error: read ECONNRESET
    at TCP.onStreamRead (node:internal/stream_base_commons:216:20)
23:19:14 [vite] ws proxy error:
Error: read ECONNRESET
    at TCP.onStreamRead (node:internal/stream_base_commons:216:20)
23:19:14 [vite] ws proxy error:
Error: read ECONNRESET
    at TCP.onStreamRead (node:internal/stream_base_commons:216:20)
23:19:14 [vite] ws proxy error:
Error: read ECONNRESET
    at TCP.onStreamRead (node:internal/stream_base_commons:216:20)
23:19:14 [vite] ws proxy error:
Error: read ECONNRESET
    at TCP.onStreamRead (node:internal/stream_base_commons:216:20)
23:19:14 [vite] ws proxy error:
Error: read ECONNRESET
    at TCP.onStreamRead (node:internal/stream_base_commons:216:20)
23:19:14 [vite] ws proxy error:
Error: read ECONNRESET
    at TCP.onStreamRead (node:internal/stream_base_commons:216:20)
23:19:14 [vite] ws proxy error:
Error: read ECONNRESET
    at TCP.onStreamRead (node:internal/stream_base_commons:216:20)
23:19:14 [vite] ws proxy error:
Error: read ECONNRESET
    at TCP.onStreamRead (node:internal/stream_base_commons:216:20)
23:19:14 [vite] ws proxy error:
Error: read ECONNRESET
    at TCP.onStreamRead (node:internal/stream_base_commons:216:20)
23:19:14 [vite] ws proxy error:
Error: read ECONNRESET
    at TCP.onStreamRead (node:internal/stream_base_commons:216:20)
23:19:14 [vite] ws proxy error:
Error: read ECONNRESET
    at TCP.onStreamRead (node:internal/stream_base_commons:216:20)

--- spawn 2026-06-05T23:21:17.954048 npm.cmd run dev --ignore-scripts ---

> teshi-desktop@0.5.0 dev
> vite


  VITE v6.4.2  ready in 232 ms

  ➜  Local:   http://127.0.0.1:1420/
23:23:33 [vite] ws proxy error:
Error: read ECONNRESET
    at TCP.onStreamRead (node:internal/stream_base_commons:216:20)
23:23:33 [vite] ws proxy error:
Error: read ECONNRESET
    at TCP.onStreamRead (node:internal/stream_base_commons:216:20)
23:23:33 [vite] ws proxy error:
Error: read ECONNRESET
    at TCP.onStreamRead (node:internal/stream_base_commons:216:20)
23:23:33 [vite] ws proxy error:
Error: read ECONNRESET
    at TCP.onStreamRead (node:internal/stream_base_commons:216:20)
23:23:33 [vite] ws proxy error:
Error: read ECONNRESET
    at TCP.onStreamRead (node:internal/stream_base_commons:216:20)
23:23:33 [vite] ws proxy error:
Error: read ECONNRESET
    at TCP.onStreamRead (node:internal/stream_base_commons:216:20)
23:23:33 [vite] ws proxy error:
Error: read ECONNRESET
    at TCP.onStreamRead (node:internal/stream_base_commons:216:20)
23:23:33 [vite] ws proxy error:
Error: read ECONNRESET
    at TCP.onStreamRead (node:internal/stream_base_commons:216:20)
23:23:33 [vite] ws proxy error:
Error: read ECONNRESET
    at TCP.onStreamRead (node:internal/stream_base_commons:216:20)
23:23:33 [vite] ws proxy error:
Error: read ECONNRESET
    at TCP.onStreamRead (node:internal/stream_base_commons:216:20)
23:23:33 [vite] ws proxy error:
Error: read ECONNRESET
    at TCP.onStreamRead (node:internal/stream_base_commons:216:20)
23:23:33 [vite] ws proxy error:
Error: read ECONNRESET
    at TCP.onStreamRead (node:internal/stream_base_commons:216:20)

--- spawn 2026-06-05T23:24:09.459331 npm.cmd run dev --ignore-scripts ---

> teshi-desktop@0.5.0 dev
> vite


  [32m[1mVITE[22m v6.4.2[39m  [2mready in [0m[1m229[22m[2m[0m ms[22m

  [32m➜[39m  [1mLocal[22m:   [36mhttp://127.0.0.1:[1m1420[22m/[39m
[2m[32m  ➜[39m[22m[2m  press [22m[1mh + enter[22m[2m to show help[22m
[2m23:24:40[22m [31m[1m[vite][22m[39m [31mws proxy socket error:[39m
Error: read ECONNRESET
    at TCP.onStreamRead (node:internal/stream_base_commons:216:20)
[2m23:24:40[22m [31m[1m[vite][22m[39m [31mws proxy socket error:[39m
Error: read ECONNRESET
    at TCP.onStreamRead (node:internal/stream_base_commons:216:20)
[2m23:24:40[22m [31m[1m[vite][22m[39m [31mws proxy socket error:[39m
Error: read ECONNRESET
    at TCP.onStreamRead (node:internal/stream_base_commons:216:20)
[2m23:24:40[22m [31m[1m[vite][22m[39m [31mws proxy socket error:[39m
Error: read ECONNRESET
    at TCP.onStreamRead (node:internal/stream_base_commons:216:20)
[2m23:24:40[22m [31m[1m[vite][22m[39m [31mws proxy socket error:[39m
Error: read ECONNRESET
    at TCP.onStreamRead (node:internal/stream_base_commons:216:20)
[2m23:24:40[22m [31m[1m[vite][22m[39m [31mws proxy socket error:[39m
Error: read ECONNRESET
    at TCP.onStreamRead (node:internal/stream_base_commons:216:20)
[2m23:24:40[22m [31m[1m[vite][22m[39m [31mws proxy socket error:[39m
Error: read ECONNRESET
    at TCP.onStreamRead (node:internal/stream_base_commons:216:20)
[2m23:24:40[22m [31m[1m[vite][22m[39m [31mws proxy socket error:[39m
Error: read ECONNRESET
    at TCP.onStreamRead (node:internal/stream_base_commons:216:20)
[2m23:24:40[22m [31m[1m[vite][22m[39m [31mws proxy socket error:[39m
Error: read ECONNRESET
    at TCP.onStreamRead (node:internal/stream_base_commons:216:20)
[2m23:24:40[22m [31m[1m[vite][22m[39m [31mws proxy socket error:[39m
Error: read ECONNRESET
    at TCP.onStreamRead (node:internal/stream_base_commons:216:20)
[2m23:24:40[22m [31m[1m[vite][22m[39m [31mws proxy socket error:[39m
Error: read ECONNRESET
    at TCP.onStreamRead (node:internal/stream_base_commons:216:20)
[2m23:24:40[22m [31m[1m[vite][22m[39m [31mws proxy socket error:[39m
Error: read ECONNRESET
    at TCP.onStreamRead (node:internal/stream_base_commons:216:20)

--- spawn 2026-06-05T23:32:10.802389 npm.cmd run dev --ignore-scripts ---

> teshi-desktop@0.5.0 dev
> vite


  [32m[1mVITE[22m v6.4.2[39m  [2mready in [0m[1m315[22m[2m[0m ms[22m

  [32m➜[39m  [1mLocal[22m:   [36mhttp://127.0.0.1:[1m1420[22m/[39m
[2m[32m  ➜[39m[22m[2m  press [22m[1mh + enter[22m[2m to show help[22m
[2m23:39:44[22m [31m[1m[vite][22m[39m [31mws proxy error:[39m
Error: read ECONNRESET
    at TCP.onStreamRead (node:internal/stream_base_commons:216:20)
[2m23:39:44[22m [31m[1m[vite][22m[39m [31mws proxy error:[39m
Error: read ECONNRESET
    at TCP.onStreamRead (node:internal/stream_base_commons:216:20)
[2m23:39:44[22m [31m[1m[vite][22m[39m [31mws proxy error:[39m
Error: read ECONNRESET
    at TCP.onStreamRead (node:internal/stream_base_commons:216:20)
[2m23:39:44[22m [31m[1m[vite][22m[39m [31mws proxy error:[39m
Error: read ECONNRESET
    at TCP.onStreamRead (node:internal/stream_base_commons:216:20)
[2m23:39:44[22m [31m[1m[vite][22m[39m [31mws proxy error:[39m
Error: read ECONNRESET
    at TCP.onStreamRead (node:internal/stream_base_commons:216:20)
[2m23:39:44[22m [31m[1m[vite][22m[39m [31mws proxy error:[39m
Error: read ECONNRESET
    at TCP.onStreamRead (node:internal/stream_base_commons:216:20)
[2m23:39:44[22m [31m[1m[vite][22m[39m [31mws proxy error:[39m
Error: read ECONNRESET
    at TCP.onStreamRead (node:internal/stream_base_commons:216:20)
[2m23:39:44[22m [31m[1m[vite][22m[39m [31mws proxy error:[39m
Error: read ECONNRESET
    at TCP.onStreamRead (node:internal/stream_base_commons:216:20)
[2m23:39:44[22m [31m[1m[vite][22m[39m [31mws proxy error:[39m
Error: read ECONNRESET
    at TCP.onStreamRead (node:internal/stream_base_commons:216:20)
[2m23:39:44[22m [31m[1m[vite][22m[39m [31mws proxy error:[39m
Error: read ECONNRESET
    at TCP.onStreamRead (node:internal/stream_base_commons:216:20)
[2m23:39:44[22m [31m[1m[vite][22m[39m [31mws proxy error:[39m
Error: read ECONNRESET
    at TCP.onStreamRead (node:internal/stream_base_commons:216:20)
[2m23:39:44[22m [31m[1m[vite][22m[39m [31mws proxy error:[39m
Error: read ECONNRESET
    at TCP.onStreamRead (node:internal/stream_base_commons:216:20)
[2m23:56:58[22m [31m[1m[vite][22m[39m [31mhttp proxy error: /api/v1/settings/recent[39m
Error: connect ECONNREFUSED 127.0.0.1:1421
    at TCPConnectWrap.afterConnect [as oncomplete] (node:net:1637:16)
[2m23:56:58[22m [31m[1m[vite][22m[39m [31mhttp proxy error: /api/v1/settings/recent[39m
Error: connect ECONNREFUSED 127.0.0.1:1421
    at TCPConnectWrap.afterConnect [as oncomplete] (node:net:1637:16)
[2m23:56:58[22m [31m[1m[vite][22m[39m [31mws proxy error:[39m
Error: connect ECONNREFUSED 127.0.0.1:1421
    at TCPConnectWrap.afterConnect [as oncomplete] (node:net:1637:16)
[2m23:56:58[22m [31m[1m[vite][22m[39m [31mws proxy error:[39m
Error: connect ECONNREFUSED 127.0.0.1:1421
    at TCPConnectWrap.afterConnect [as oncomplete] (node:net:1637:16)
[2m23:56:58[22m [31m[1m[vite][22m[39m [31mws proxy error:[39m
Error: connect ECONNREFUSED 127.0.0.1:1421
    at TCPConnectWrap.afterConnect [as oncomplete] (node:net:1637:16)
[2m23:56:58[22m [31m[1m[vite][22m[39m [31mws proxy error:[39m
Error: connect ECONNREFUSED 127.0.0.1:1421
    at TCPConnectWrap.afterConnect [as oncomplete] (node:net:1637:16)
[2m23:56:58[22m [31m[1m[vite][22m[39m [31mws proxy error:[39m
Error: connect ECONNREFUSED 127.0.0.1:1421
    at TCPConnectWrap.afterConnect [as oncomplete] (node:net:1637:16)
[2m23:56:58[22m [31m[1m[vite][22m[39m [31mws proxy error:[39m
Error: connect ECONNREFUSED 127.0.0.1:1421
    at TCPConnectWrap.afterConnect [as oncomplete] (node:net:1637:16)
[2m23:56:58[22m [31m[1m[vite][22m[39m [31mws proxy error:[39m
Error: connect ECONNREFUSED 127.0.0.1:1421
    at TCPConnectWrap.afterConnect [as oncomplete] (node:net:1637:16)
[2m23:56:58[22m [31m[1m[vite][22m[39m [31mws proxy error:[39m
Error: connect ECONNREFUSED 127.0.0.1:1421
    at TCPConnectWrap.afterConnect [as oncomplete] (node:net:1637:16)
[2m23:56:58[22m [31m[1m[vite][22m[39m [31mws proxy error:[39m
Error: connect ECONNREFUSED 127.0.0.1:1421
    at TCPConnectWrap.afterConnect [as oncomplete] (node:net:1637:16)
[2m23:56:58[22m [31m[1m[vite][22m[39m [31mws proxy error:[39m
Error: connect ECONNREFUSED 127.0.0.1:1421
    at TCPConnectWrap.afterConnect [as oncomplete] (node:net:1637:16)
[2m23:56:58[22m [31m[1m[vite][22m[39m [31mws proxy error:[39m
Error: connect ECONNREFUSED 127.0.0.1:1421
    at TCPConnectWrap.afterConnect [as oncomplete] (node:net:1637:16)
[2m23:56:58[22m [31m[1m[vite][22m[39m [31mws proxy error:[39m
Error: connect ECONNREFUSED 127.0.0.1:1421
    at TCPConnectWrap.afterConnect [as oncomplete] (node:net:1637:16)
[2m00:01:11[22m [31m[1m[vite][22m[39m [31mws proxy error:[39m
Error: connect ECONNREFUSED 127.0.0.1:1421
    at TCPConnectWrap.afterConnect [as oncomplete] (node:net:1637:16)
[2m00:01:11[22m [31m[1m[vite][22m[39m [31mhttp proxy error: /api/v1/settings/recent[39m
Error: connect ECONNREFUSED 127.0.0.1:1421
    at TCPConnectWrap.afterConnect [as oncomplete] (node:net:1637:16)
[2m00:01:11[22m [31m[1m[vite][22m[39m [31mhttp proxy error: /api/v1/settings/recent[39m
Error: connect ECONNREFUSED 127.0.0.1:1421
    at TCPConnectWrap.afterConnect [as oncomplete] (node:net:1637:16)
[2m00:01:11[22m [31m[1m[vite][22m[39m [31mws proxy error:[39m
Error: connect ECONNREFUSED 127.0.0.1:1421
    at TCPConnectWrap.afterConnect [as oncomplete] (node:net:1637:16)
[2m00:01:11[22m [31m[1m[vite][22m[39m [31mws proxy error:[39m
Error: connect ECONNREFUSED 127.0.0.1:1421
    at TCPConnectWrap.afterConnect [as oncomplete] (node:net:1637:16)
[2m00:01:11[22m [31m[1m[vite][22m[39m [31mws proxy error:[39m
Error: connect ECONNREFUSED 127.0.0.1:1421
    at TCPConnectWrap.afterConnect [as oncomplete] (node:net:1637:16)
[2m00:01:11[22m [31m[1m[vite][22m[39m [31mws proxy error:[39m
Error: connect ECONNREFUSED 127.0.0.1:1421
    at TCPConnectWrap.afterConnect [as oncomplete] (node:net:1637:16)
[2m00:01:11[22m [31m[1m[vite][22m[39m [31mws proxy error:[39m
Error: connect ECONNREFUSED 127.0.0.1:1421
    at TCPConnectWrap.afterConnect [as oncomplete] (node:net:1637:16)
[2m00:01:11[22m [31m[1m[vite][22m[39m [31mws proxy error:[39m
Error: connect ECONNREFUSED 127.0.0.1:1421
    at TCPConnectWrap.afterConnect [as oncomplete] (node:net:1637:16)
[2m00:01:11[22m [31m[1m[vite][22m[39m [31mws proxy error:[39m
Error: connect ECONNREFUSED 127.0.0.1:1421
    at TCPConnectWrap.afterConnect [as oncomplete] (node:net:1637:16)
[2m00:01:11[22m [31m[1m[vite][22m[39m [31mws proxy error:[39m
Error: connect ECONNREFUSED 127.0.0.1:1421
    at TCPConnectWrap.afterConnect [as oncomplete] (node:net:1637:16)
[2m00:01:11[22m [31m[1m[vite][22m[39m [31mws proxy error:[39m
Error: connect ECONNREFUSED 127.0.0.1:1421
    at TCPConnectWrap.afterConnect [as oncomplete] (node:net:1637:16)
[2m00:01:11[22m [31m[1m[vite][22m[39m [31mws proxy error:[39m
Error: connect ECONNREFUSED 127.0.0.1:1421
    at TCPConnectWrap.afterConnect [as oncomplete] (node:net:1637:16)
[2m00:01:11[22m [31m[1m[vite][22m[39m [31mws proxy error:[39m
Error: connect ECONNREFUSED 127.0.0.1:1421
    at TCPConnectWrap.afterConnect [as oncomplete] (node:net:1637:16)
[2m00:12:27[22m [31m[1m[vite][22m[39m [31mhttp proxy error: /api/v1/settings/recent[39m
Error: connect ECONNREFUSED 127.0.0.1:1421
    at TCPConnectWrap.afterConnect [as oncomplete] (node:net:1637:16)
[2m00:12:27[22m [31m[1m[vite][22m[39m [31mhttp proxy error: /api/v1/settings/recent[39m
Error: connect ECONNREFUSED 127.0.0.1:1421
    at TCPConnectWrap.afterConnect [as oncomplete] (node:net:1637:16)
[2m00:12:27[22m [31m[1m[vite][22m[39m [31mws proxy error:[39m
Error: connect ECONNREFUSED 127.0.0.1:1421
    at TCPConnectWrap.afterConnect [as oncomplete] (node:net:1637:16)
[2m00:12:27[22m [31m[1m[vite][22m[39m [31mws proxy error:[39m
Error: connect ECONNREFUSED 127.0.0.1:1421
    at TCPConnectWrap.afterConnect [as oncomplete] (node:net:1637:16)
[2m00:12:27[22m [31m[1m[vite][22m[39m [31mws proxy error:[39m
Error: connect ECONNREFUSED 127.0.0.1:1421
    at TCPConnectWrap.afterConnect [as oncomplete] (node:net:1637:16)
[2m00:12:27[22m [31m[1m[vite][22m[39m [31mws proxy error:[39m
Error: connect ECONNREFUSED 127.0.0.1:1421
    at TCPConnectWrap.afterConnect [as oncomplete] (node:net:1637:16)
[2m00:12:27[22m [31m[1m[vite][22m[39m [31mws proxy error:[39m
Error: connect ECONNREFUSED 127.0.0.1:1421
    at TCPConnectWrap.afterConnect [as oncomplete] (node:net:1637:16)
[2m00:12:27[22m [31m[1m[vite][22m[39m [31mws proxy error:[39m
Error: connect ECONNREFUSED 127.0.0.1:1421
    at TCPConnectWrap.afterConnect [as oncomplete] (node:net:1637:16)
[2m00:12:27[22m [31m[1m[vite][22m[39m [31mws proxy error:[39m
Error: connect ECONNREFUSED 127.0.0.1:1421
    at TCPConnectWrap.afterConnect [as oncomplete] (node:net:1637:16)
[2m00:12:27[22m [31m[1m[vite][22m[39m [31mws proxy error:[39m
Error: connect ECONNREFUSED 127.0.0.1:1421
    at TCPConnectWrap.afterConnect [as oncomplete] (node:net:1637:16)
[2m00:12:27[22m [31m[1m[vite][22m[39m [31mws proxy error:[39m
Error: connect ECONNREFUSED 127.0.0.1:1421
    at TCPConnectWrap.afterConnect [as oncomplete] (node:net:1637:16)
[2m00:12:27[22m [31m[1m[vite][22m[39m [31mws proxy error:[39m
Error: connect ECONNREFUSED 127.0.0.1:1421
    at TCPConnectWrap.afterConnect [as oncomplete] (node:net:1637:16)
[2m00:12:27[22m [31m[1m[vite][22m[39m [31mws proxy error:[39m
Error: connect ECONNREFUSED 127.0.0.1:1421
    at TCPConnectWrap.afterConnect [as oncomplete] (node:net:1637:16)
[2m00:12:27[22m [31m[1m[vite][22m[39m [31mws proxy error:[39m
Error: connect ECONNREFUSED 127.0.0.1:1421
    at TCPConnectWrap.afterConnect [as oncomplete] (node:net:1637:16)
[2m00:15:20[22m [31m[1m[vite][22m[39m [31mhttp proxy error: /api/v1/settings/recent[39m
Error: connect ECONNREFUSED 127.0.0.1:1421
    at TCPConnectWrap.afterConnect [as oncomplete] (node:net:1637:16)
[2m00:15:20[22m [31m[1m[vite][22m[39m [31mhttp proxy error: /api/v1/settings/recent[39m
Error: connect ECONNREFUSED 127.0.0.1:1421
    at TCPConnectWrap.afterConnect [as oncomplete] (node:net:1637:16)
[2m00:15:20[22m [31m[1m[vite][22m[39m [31mws proxy error:[39m
Error: connect ECONNREFUSED 127.0.0.1:1421
    at TCPConnectWrap.afterConnect [as oncomplete] (node:net:1637:16)
[2m00:15:20[22m [31m[1m[vite][22m[39m [31mws proxy error:[39m
Error: connect ECONNREFUSED 127.0.0.1:1421
    at TCPConnectWrap.afterConnect [as oncomplete] (node:net:1637:16)
[2m00:15:20[22m [31m[1m[vite][22m[39m [31mws proxy error:[39m
Error: connect ECONNREFUSED 127.0.0.1:1421
    at TCPConnectWrap.afterConnect [as oncomplete] (node:net:1637:16)
[2m00:15:20[22m [31m[1m[vite][22m[39m [31mws proxy error:[39m
Error: connect ECONNREFUSED 127.0.0.1:1421
    at TCPConnectWrap.afterConnect [as oncomplete] (node:net:1637:16)
[2m00:15:20[22m [31m[1m[vite][22m[39m [31mws proxy error:[39m
Error: connect ECONNREFUSED 127.0.0.1:1421
    at TCPConnectWrap.afterConnect [as oncomplete] (node:net:1637:16)
[2m00:15:20[22m [31m[1m[vite][22m[39m [31mws proxy error:[39m
Error: connect ECONNREFUSED 127.0.0.1:1421
    at TCPConnectWrap.afterConnect [as oncomplete] (node:net:1637:16)
[2m00:15:20[22m [31m[1m[vite][22m[39m [31mws proxy error:[39m
Error: connect ECONNREFUSED 127.0.0.1:1421
    at TCPConnectWrap.afterConnect [as oncomplete] (node:net:1637:16)
[2m00:15:20[22m [31m[1m[vite][22m[39m [31mws proxy error:[39m
Error: connect ECONNREFUSED 127.0.0.1:1421
    at TCPConnectWrap.afterConnect [as oncomplete] (node:net:1637:16)
[2m00:15:20[22m [31m[1m[vite][22m[39m [31mws proxy error:[39m
Error: connect ECONNREFUSED 127.0.0.1:1421
    at TCPConnectWrap.afterConnect [as oncomplete] (node:net:1637:16)
[2m00:15:20[22m [31m[1m[vite][22m[39m [31mws proxy error:[39m
Error: connect ECONNREFUSED 127.0.0.1:1421
    at TCPConnectWrap.afterConnect [as oncomplete] (node:net:1637:16)
[2m00:15:20[22m [31m[1m[vite][22m[39m [31mws proxy error:[39m
Error: connect ECONNREFUSED 127.0.0.1:1421
    at TCPConnectWrap.afterConnect [as oncomplete] (node:net:1637:16)
[2m00:15:20[22m [31m[1m[vite][22m[39m [31mws proxy error:[39m
Error: connect ECONNREFUSED 127.0.0.1:1421
    at TCPConnectWrap.afterConnect [as oncomplete] (node:net:1637:16)

--- spawn 2026-06-06T01:09:48.910017 npm.cmd run dev --ignore-scripts ---

> teshi-desktop@0.5.1 dev
> vite


  [32m[1mVITE[22m v6.4.2[39m  [2mready in [0m[1m737[22m[2m[0m ms[22m

  [32m➜[39m  [1mLocal[22m:   [36mhttp://127.0.0.1:[1m1420[22m/[39m
[2m[32m  ➜[39m[22m[2m  press [22m[1mh + enter[22m[2m to show help[22m
[2m01:17:11[22m [31m[1m[vite][22m[39m [31mws proxy error:[39m
Error: read ECONNRESET
    at TCP.onStreamRead (node:internal/stream_base_commons:216:20)
[2m01:17:11[22m [31m[1m[vite][22m[39m [31mws proxy error:[39m
Error: read ECONNRESET
    at TCP.onStreamRead (node:internal/stream_base_commons:216:20)
[2m01:17:11[22m [31m[1m[vite][22m[39m [31mws proxy error:[39m
Error: read ECONNRESET
    at TCP.onStreamRead (node:internal/stream_base_commons:216:20)
[2m01:17:11[22m [31m[1m[vite][22m[39m [31mws proxy error:[39m
Error: read ECONNRESET
    at TCP.onStreamRead (node:internal/stream_base_commons:216:20)
[2m01:17:11[22m [31m[1m[vite][22m[39m [31mws proxy error:[39m
Error: read ECONNRESET
    at TCP.onStreamRead (node:internal/stream_base_commons:216:20)
[2m01:17:11[22m [31m[1m[vite][22m[39m [31mws proxy error:[39m
Error: read ECONNRESET
    at TCP.onStreamRead (node:internal/stream_base_commons:216:20)
[2m01:17:11[22m [31m[1m[vite][22m[39m [31mws proxy error:[39m
Error: read ECONNRESET
    at TCP.onStreamRead (node:internal/stream_base_commons:216:20)
[2m01:17:11[22m [31m[1m[vite][22m[39m [31mws proxy error:[39m
Error: read ECONNRESET
    at TCP.onStreamRead (node:internal/stream_base_commons:216:20)
[2m01:17:11[22m [31m[1m[vite][22m[39m [31mws proxy error:[39m
Error: read ECONNRESET
    at TCP.onStreamRead (node:internal/stream_base_commons:216:20)
[2m01:17:11[22m [31m[1m[vite][22m[39m [31mws proxy error:[39m
Error: read ECONNRESET
    at TCP.onStreamRead (node:internal/stream_base_commons:216:20)
[2m01:17:11[22m [31m[1m[vite][22m[39m [31mws proxy error:[39m
Error: read ECONNRESET
    at TCP.onStreamRead (node:internal/stream_base_commons:216:20)
[2m01:17:11[22m [31m[1m[vite][22m[39m [31mws proxy error:[39m
Error: read ECONNRESET
    at TCP.onStreamRead (node:internal/stream_base_commons:216:20)
^C^C
--- spawn 2026-06-06T01:19:09.354877 npm.cmd run dev --ignore-scripts ---

> teshi-desktop@0.5.1 dev
> vite


  [32m[1mVITE[22m v6.4.2[39m  [2mready in [0m[1m416[22m[2m[0m ms[22m

  [32m➜[39m  [1mLocal[22m:   [36mhttp://127.0.0.1:[1m1420[22m/[39m
[2m[32m  ➜[39m[22m[2m  press [22m[1mh + enter[22m[2m to show help[22m
[2m01:21:02[22m [31m[1m[vite][22m[39m [31mws proxy error:[39m
Error: read ECONNRESET
    at TCP.onStreamRead (node:internal/stream_base_commons:216:20)
[2m01:21:02[22m [31m[1m[vite][22m[39m [31mws proxy error:[39m
Error: read ECONNRESET
    at TCP.onStreamRead (node:internal/stream_base_commons:216:20)
[2m01:21:02[22m [31m[1m[vite][22m[39m [31mws proxy error:[39m
Error: read ECONNRESET
    at TCP.onStreamRead (node:internal/stream_base_commons:216:20)
[2m01:21:02[22m [31m[1m[vite][22m[39m [31mws proxy error:[39m
Error: read ECONNRESET
    at TCP.onStreamRead (node:internal/stream_base_commons:216:20)
[2m01:21:02[22m [31m[1m[vite][22m[39m [31mws proxy error:[39m
Error: read ECONNRESET
    at TCP.onStreamRead (node:internal/stream_base_commons:216:20)
[2m01:21:02[22m [31m[1m[vite][22m[39m [31mws proxy error:[39m
Error: read ECONNRESET
    at TCP.onStreamRead (node:internal/stream_base_commons:216:20)
[2m01:21:02[22m [31m[1m[vite][22m[39m [31mws proxy error:[39m
Error: read ECONNRESET
    at TCP.onStreamRead (node:internal/stream_base_commons:216:20)
[2m01:21:02[22m [31m[1m[vite][22m[39m [31mws proxy error:[39m
Error: read ECONNRESET
    at TCP.onStreamRead (node:internal/stream_base_commons:216:20)
[2m01:21:02[22m [31m[1m[vite][22m[39m [31mws proxy error:[39m
Error: read ECONNRESET
    at TCP.onStreamRead (node:internal/stream_base_commons:216:20)
[2m01:21:02[22m [31m[1m[vite][22m[39m [31mws proxy error:[39m
Error: read ECONNRESET
    at TCP.onStreamRead (node:internal/stream_base_commons:216:20)
[2m01:21:02[22m [31m[1m[vite][22m[39m [31mws proxy error:[39m
Error: read ECONNRESET
    at TCP.onStreamRead (node:internal/stream_base_commons:216:20)
[2m01:21:02[22m [31m[1m[vite][22m[39m [31mws proxy error:[39m
Error: read ECONNRESET
    at TCP.onStreamRead (node:internal/stream_base_commons:216:20)
^C^C
--- spawn 2026-06-06T01:21:29.981120 npm.cmd run dev --ignore-scripts ---

> teshi-desktop@0.5.1 dev
> vite


  [32m[1mVITE[22m v6.4.2[39m  [2mready in [0m[1m402[22m[2m[0m ms[22m

  [32m➜[39m  [1mLocal[22m:   [36mhttp://127.0.0.1:[1m1420[22m/[39m
[2m[32m  ➜[39m[22m[2m  press [22m[1mh + enter[22m[2m to show help[22m
[2m01:24:16[22m [31m[1m[vite][22m[39m [31mws proxy error:[39m
Error: read ECONNRESET
    at TCP.onStreamRead (node:internal/stream_base_commons:216:20)
[2m01:24:16[22m [31m[1m[vite][22m[39m [31mws proxy error:[39m
Error: read ECONNRESET
    at TCP.onStreamRead (node:internal/stream_base_commons:216:20)
[2m01:24:16[22m [31m[1m[vite][22m[39m [31mws proxy error:[39m
Error: read ECONNRESET
    at TCP.onStreamRead (node:internal/stream_base_commons:216:20)
[2m01:24:16[22m [31m[1m[vite][22m[39m [31mws proxy error:[39m
Error: read ECONNRESET
    at TCP.onStreamRead (node:internal/stream_base_commons:216:20)
[2m01:24:16[22m [31m[1m[vite][22m[39m [31mws proxy error:[39m
Error: read ECONNRESET
    at TCP.onStreamRead (node:internal/stream_base_commons:216:20)
[2m01:24:16[22m [31m[1m[vite][22m[39m [31mws proxy error:[39m
Error: read ECONNRESET
    at TCP.onStreamRead (node:internal/stream_base_commons:216:20)
[2m01:24:16[22m [31m[1m[vite][22m[39m [31mws proxy error:[39m
Error: read ECONNRESET
    at TCP.onStreamRead (node:internal/stream_base_commons:216:20)
[2m01:24:16[22m [31m[1m[vite][22m[39m [31mws proxy error:[39m
Error: read ECONNRESET
    at TCP.onStreamRead (node:internal/stream_base_commons:216:20)
[2m01:24:16[22m [31m[1m[vite][22m[39m [31mws proxy error:[39m
Error: read ECONNRESET
    at TCP.onStreamRead (node:internal/stream_base_commons:216:20)
[2m01:24:16[22m [31m[1m[vite][22m[39m [31mws proxy error:[39m
Error: read ECONNRESET
    at TCP.onStreamRead (node:internal/stream_base_commons:216:20)
[2m01:24:16[22m [31m[1m[vite][22m[39m [31mws proxy error:[39m
Error: read ECONNRESET
    at TCP.onStreamRead (node:internal/stream_base_commons:216:20)
[2m01:24:16[22m [31m[1m[vite][22m[39m [31mws proxy error:[39m
Error: read ECONNRESET
    at TCP.onStreamRead (node:internal/stream_base_commons:216:20)
^C^C
--- spawn 2026-06-06T01:24:59.379737 npm.cmd run dev --ignore-scripts ---

> teshi-desktop@0.5.1 dev
> vite


  [32m[1mVITE[22m v6.4.2[39m  [2mready in [0m[1m408[22m[2m[0m ms[22m

  [32m➜[39m  [1mLocal[22m:   [36mhttp://127.0.0.1:[1m1420[22m/[39m
[2m[32m  ➜[39m[22m[2m  press [22m[1mh + enter[22m[2m to show help[22m
[2m01:28:31[22m [31m[1m[vite][22m[39m [31mws proxy error:[39m
Error: read ECONNRESET
    at TCP.onStreamRead (node:internal/stream_base_commons:216:20)
[2m01:28:31[22m [31m[1m[vite][22m[39m [31mws proxy error:[39m
Error: read ECONNRESET
    at TCP.onStreamRead (node:internal/stream_base_commons:216:20)
[2m01:28:31[22m [31m[1m[vite][22m[39m [31mws proxy error:[39m
Error: read ECONNRESET
    at TCP.onStreamRead (node:internal/stream_base_commons:216:20)
[2m01:28:31[22m [31m[1m[vite][22m[39m [31mws proxy error:[39m
Error: read ECONNRESET
    at TCP.onStreamRead (node:internal/stream_base_commons:216:20)
[2m01:28:31[22m [31m[1m[vite][22m[39m [31mws proxy error:[39m
Error: read ECONNRESET
    at TCP.onStreamRead (node:internal/stream_base_commons:216:20)
[2m01:28:31[22m [31m[1m[vite][22m[39m [31mws proxy error:[39m
Error: read ECONNRESET
    at TCP.onStreamRead (node:internal/stream_base_commons:216:20)
[2m01:28:31[22m [31m[1m[vite][22m[39m [31mws proxy error:[39m
Error: read ECONNRESET
    at TCP.onStreamRead (node:internal/stream_base_commons:216:20)
[2m01:28:31[22m [31m[1m[vite][22m[39m [31mws proxy error:[39m
Error: read ECONNRESET
    at TCP.onStreamRead (node:internal/stream_base_commons:216:20)
[2m01:28:31[22m [31m[1m[vite][22m[39m [31mws proxy error:[39m
Error: read ECONNRESET
    at TCP.onStreamRead (node:internal/stream_base_commons:216:20)
[2m01:28:31[22m [31m[1m[vite][22m[39m [31mws proxy error:[39m
Error: read ECONNRESET
    at TCP.onStreamRead (node:internal/stream_base_commons:216:20)
[2m01:28:31[22m [31m[1m[vite][22m[39m [31mws proxy error:[39m
Error: read ECONNRESET
    at TCP.onStreamRead (node:internal/stream_base_commons:216:20)
[2m01:28:31[22m [31m[1m[vite][22m[39m [31mws proxy error:[39m
Error: read ECONNRESET
    at TCP.onStreamRead (node:internal/stream_base_commons:216:20)
^C^C
--- spawn 2026-06-06T01:28:52.511397 npm.cmd run dev --ignore-scripts ---

> teshi-desktop@0.5.1 dev
> vite


  [32m[1mVITE[22m v6.4.2[39m  [2mready in [0m[1m409[22m[2m[0m ms[22m

  [32m➜[39m  [1mLocal[22m:   [36mhttp://127.0.0.1:[1m1420[22m/[39m
[2m[32m  ➜[39m[22m[2m  press [22m[1mh + enter[22m[2m to show help[22m
[2m01:29:12[22m [31m[1m[vite][22m[39m [31mws proxy socket error:[39m
Error: read ECONNRESET
    at TCP.onStreamRead (node:internal/stream_base_commons:216:20)
[2m01:29:12[22m [31m[1m[vite][22m[39m [31mws proxy socket error:[39m
Error: read ECONNRESET
    at TCP.onStreamRead (node:internal/stream_base_commons:216:20)
[2m01:29:12[22m [31m[1m[vite][22m[39m [31mws proxy socket error:[39m
Error: read ECONNRESET
    at TCP.onStreamRead (node:internal/stream_base_commons:216:20)
[2m01:29:12[22m [31m[1m[vite][22m[39m [31mws proxy socket error:[39m
Error: read ECONNRESET
    at TCP.onStreamRead (node:internal/stream_base_commons:216:20)
[2m01:29:12[22m [31m[1m[vite][22m[39m [31mws proxy socket error:[39m
Error: read ECONNRESET
    at TCP.onStreamRead (node:internal/stream_base_commons:216:20)
[2m01:29:12[22m [31m[1m[vite][22m[39m [31mws proxy socket error:[39m
Error: read ECONNRESET
    at TCP.onStreamRead (node:internal/stream_base_commons:216:20)
[2m01:29:12[22m [31m[1m[vite][22m[39m [31mws proxy socket error:[39m
Error: read ECONNRESET
    at TCP.onStreamRead (node:internal/stream_base_commons:216:20)
[2m01:29:12[22m [31m[1m[vite][22m[39m [31mws proxy socket error:[39m
Error: read ECONNRESET
    at TCP.onStreamRead (node:internal/stream_base_commons:216:20)
[2m01:29:12[22m [31m[1m[vite][22m[39m [31mws proxy socket error:[39m
Error: read ECONNRESET
    at TCP.onStreamRead (node:internal/stream_base_commons:216:20)
[2m01:29:12[22m [31m[1m[vite][22m[39m [31mws proxy socket error:[39m
Error: read ECONNRESET
    at TCP.onStreamRead (node:internal/stream_base_commons:216:20)
[2m01:29:12[22m [31m[1m[vite][22m[39m [31mws proxy socket error:[39m
Error: read ECONNRESET
    at TCP.onStreamRead (node:internal/stream_base_commons:216:20)
[2m01:29:12[22m [31m[1m[vite][22m[39m [31mws proxy socket error:[39m
Error: read ECONNRESET
    at TCP.onStreamRead (node:internal/stream_base_commons:216:20)

--- spawn 2026-06-06T01:29:25.761303 npm.cmd run dev --ignore-scripts ---

> teshi-desktop@0.5.1 dev
> vite


  [32m[1mVITE[22m v6.4.2[39m  [2mready in [0m[1m410[22m[2m[0m ms[22m

  [32m➜[39m  [1mLocal[22m:   [36mhttp://127.0.0.1:[1m1420[22m/[39m
[2m[32m  ➜[39m[22m[2m  press [22m[1mh + enter[22m[2m to show help[22m
[2m01:31:58[22m [31m[1m[vite][22m[39m [31mws proxy socket error:[39m
Error: read ECONNRESET
    at TCP.onStreamRead (node:internal/stream_base_commons:216:20)
[2m01:31:58[22m [31m[1m[vite][22m[39m [31mws proxy socket error:[39m
Error: read ECONNRESET
    at TCP.onStreamRead (node:internal/stream_base_commons:216:20)
[2m01:31:58[22m [31m[1m[vite][22m[39m [31mws proxy socket error:[39m
Error: read ECONNRESET
    at TCP.onStreamRead (node:internal/stream_base_commons:216:20)
[2m01:31:58[22m [31m[1m[vite][22m[39m [31mws proxy socket error:[39m
Error: read ECONNRESET
    at TCP.onStreamRead (node:internal/stream_base_commons:216:20)
[2m01:31:58[22m [31m[1m[vite][22m[39m [31mws proxy socket error:[39m
Error: read ECONNRESET
    at TCP.onStreamRead (node:internal/stream_base_commons:216:20)
[2m01:31:58[22m [31m[1m[vite][22m[39m [31mws proxy socket error:[39m
Error: read ECONNRESET
    at TCP.onStreamRead (node:internal/stream_base_commons:216:20)
[2m01:31:58[22m [31m[1m[vite][22m[39m [31mws proxy socket error:[39m
Error: read ECONNRESET
    at TCP.onStreamRead (node:internal/stream_base_commons:216:20)
[2m01:31:58[22m [31m[1m[vite][22m[39m [31mws proxy socket error:[39m
Error: read ECONNRESET
    at TCP.onStreamRead (node:internal/stream_base_commons:216:20)
[2m01:31:58[22m [31m[1m[vite][22m[39m [31mws proxy socket error:[39m
Error: read ECONNRESET
    at TCP.onStreamRead (node:internal/stream_base_commons:216:20)
[2m01:31:58[22m [31m[1m[vite][22m[39m [31mws proxy socket error:[39m
Error: read ECONNRESET
    at TCP.onStreamRead (node:internal/stream_base_commons:216:20)
[2m01:31:58[22m [31m[1m[vite][22m[39m [31mws proxy socket error:[39m
Error: read ECONNRESET
    at TCP.onStreamRead (node:internal/stream_base_commons:216:20)
[2m01:31:58[22m [31m[1m[vite][22m[39m [31mws proxy socket error:[39m
Error: read ECONNRESET
    at TCP.onStreamRead (node:internal/stream_base_commons:216:20)

--- spawn 2026-06-06T01:32:14.106347 npm.cmd run dev --ignore-scripts ---

> teshi-desktop@0.5.1 dev
> vite


  [32m[1mVITE[22m v6.4.2[39m  [2mready in [0m[1m405[22m[2m[0m ms[22m

  [32m➜[39m  [1mLocal[22m:   [36mhttp://127.0.0.1:[1m1420[22m/[39m
[2m[32m  ➜[39m[22m[2m  press [22m[1mh + enter[22m[2m to show help[22m

--- spawn 2026-06-06T02:31:44.159479 npm.cmd run dev --ignore-scripts ---

> teshi-desktop@0.5.1 dev
> vite


  [32m[1mVITE[22m v6.4.2[39m  [2mready in [0m[1m419[22m[2m[0m ms[22m

  [32m➜[39m  [1mLocal[22m:   [36mhttp://127.0.0.1:[1m1420[22m/[39m
[2m[32m  ➜[39m[22m[2m  press [22m[1mh + enter[22m[2m to show help[22m

--- spawn 2026-06-06T02:32:31.257482 npm.cmd run dev --ignore-scripts ---

> teshi-desktop@0.5.1 dev
> vite


  [32m[1mVITE[22m v6.4.2[39m  [2mready in [0m[1m409[22m[2m[0m ms[22m

  [32m➜[39m  [1mLocal[22m:   [36mhttp://127.0.0.1:[1m1420[22m/[39m
[2m[32m  ➜[39m[22m[2m  press [22m[1mh + enter[22m[2m to show help[22m
[2m02:34:45[22m [31m[1m[vite][22m[39m [31mws proxy socket error:[39m
Error: read ECONNRESET
    at TCP.onStreamRead (node:internal/stream_base_commons:216:20)
[2m02:34:45[22m [31m[1m[vite][22m[39m [31mws proxy socket error:[39m
Error: read ECONNRESET
    at TCP.onStreamRead (node:internal/stream_base_commons:216:20)
[2m02:34:45[22m [31m[1m[vite][22m[39m [31mws proxy socket error:[39m
Error: read ECONNRESET
    at TCP.onStreamRead (node:internal/stream_base_commons:216:20)
[2m02:34:45[22m [31m[1m[vite][22m[39m [31mws proxy socket error:[39m
Error: read ECONNRESET
    at TCP.onStreamRead (node:internal/stream_base_commons:216:20)
[2m02:34:45[22m [31m[1m[vite][22m[39m [31mws proxy socket error:[39m
Error: read ECONNRESET
    at TCP.onStreamRead (node:internal/stream_base_commons:216:20)
[2m02:34:45[22m [31m[1m[vite][22m[39m [31mws proxy socket error:[39m
Error: read ECONNRESET
    at TCP.onStreamRead (node:internal/stream_base_commons:216:20)
[2m02:34:45[22m [31m[1m[vite][22m[39m [31mws proxy socket error:[39m
Error: read ECONNRESET
    at TCP.onStreamRead (node:internal/stream_base_commons:216:20)
[2m02:34:45[22m [31m[1m[vite][22m[39m [31mws proxy socket error:[39m
Error: read ECONNRESET
    at TCP.onStreamRead (node:internal/stream_base_commons:216:20)
[2m02:34:45[22m [31m[1m[vite][22m[39m [31mws proxy socket error:[39m
Error: read ECONNRESET
    at TCP.onStreamRead (node:internal/stream_base_commons:216:20)
[2m02:34:45[22m [31m[1m[vite][22m[39m [31mws proxy socket error:[39m
Error: read ECONNRESET
    at TCP.onStreamRead (node:internal/stream_base_commons:216:20)
[2m02:34:45[22m [31m[1m[vite][22m[39m [31mws proxy socket error:[39m
Error: read ECONNRESET
    at TCP.onStreamRead (node:internal/stream_base_commons:216:20)
[2m02:34:45[22m [31m[1m[vite][22m[39m [31mws proxy socket error:[39m
Error: read ECONNRESET
    at TCP.onStreamRead (node:internal/stream_base_commons:216:20)

--- spawn 2026-06-06T02:34:55.033308 npm.cmd run dev --ignore-scripts ---

> teshi-desktop@0.5.1 dev
> vite


  [32m[1mVITE[22m v6.4.2[39m  [2mready in [0m[1m410[22m[2m[0m ms[22m

  [32m➜[39m  [1mLocal[22m:   [36mhttp://127.0.0.1:[1m1420[22m/[39m
[2m[32m  ➜[39m[22m[2m  press [22m[1mh + enter[22m[2m to show help[22m

--- spawn 2026-06-06T02:36:04.433390 npm.cmd run dev --ignore-scripts ---

> teshi-desktop@0.5.1 dev
> vite


  [32m[1mVITE[22m v6.4.2[39m  [2mready in [0m[1m407[22m[2m[0m ms[22m

  [32m➜[39m  [1mLocal[22m:   [36mhttp://127.0.0.1:[1m1420[22m/[39m
[2m[32m  ➜[39m[22m[2m  press [22m[1mh + enter[22m[2m to show help[22m
[2m02:39:12[22m [31m[1m[vite][22m[39m [31mws proxy error:[39m
Error: read ECONNRESET
    at TCP.onStreamRead (node:internal/stream_base_commons:216:20)
[2m02:39:12[22m [31m[1m[vite][22m[39m [31mws proxy error:[39m
Error: read ECONNRESET
    at TCP.onStreamRead (node:internal/stream_base_commons:216:20)
[2m02:39:12[22m [31m[1m[vite][22m[39m [31mws proxy error:[39m
Error: read ECONNRESET
    at TCP.onStreamRead (node:internal/stream_base_commons:216:20)
[2m02:39:12[22m [31m[1m[vite][22m[39m [31mws proxy error:[39m
Error: read ECONNRESET
    at TCP.onStreamRead (node:internal/stream_base_commons:216:20)
[2m02:39:12[22m [31m[1m[vite][22m[39m [31mws proxy error:[39m
Error: read ECONNRESET
    at TCP.onStreamRead (node:internal/stream_base_commons:216:20)
[2m02:39:12[22m [31m[1m[vite][22m[39m [31mws proxy error:[39m
Error: read ECONNRESET
    at TCP.onStreamRead (node:internal/stream_base_commons:216:20)
[2m02:39:12[22m [31m[1m[vite][22m[39m [31mws proxy error:[39m
Error: read ECONNRESET
    at TCP.onStreamRead (node:internal/stream_base_commons:216:20)
[2m02:39:12[22m [31m[1m[vite][22m[39m [31mws proxy error:[39m
Error: read ECONNRESET
    at TCP.onStreamRead (node:internal/stream_base_commons:216:20)
[2m02:39:12[22m [31m[1m[vite][22m[39m [31mws proxy error:[39m
Error: read ECONNRESET
    at TCP.onStreamRead (node:internal/stream_base_commons:216:20)
[2m02:39:12[22m [31m[1m[vite][22m[39m [31mws proxy error:[39m
Error: read ECONNRESET
    at TCP.onStreamRead (node:internal/stream_base_commons:216:20)
[2m02:39:12[22m [31m[1m[vite][22m[39m [31mws proxy error:[39m
Error: read ECONNRESET
    at TCP.onStreamRead (node:internal/stream_base_commons:216:20)
[2m02:39:12[22m [31m[1m[vite][22m[39m [31mws proxy error:[39m
Error: read ECONNRESET
    at TCP.onStreamRead (node:internal/stream_base_commons:216:20)
