{"ts": 1780607000.0287762, "event": "embedded_command_start", "cmd": "navigate", "request_id": "serve-embedded-navigate", "url": "http://127.0.0.1:1421"}
{"ts": 1780607000.0527878, "event": "embedded_command_end", "cmd": "navigate", "request_id": "serve-embedded-navigate", "ok": true, "error": null}
{"ts": 1780607010.1163652, "event": "embedded_command_start", "cmd": "execute_locator", "request_id": "browser-execute", "url": null}
{"ts": 1780607023.2719538, "event": "embedded_command_start", "cmd": "navigate", "request_id": "serve-embedded-navigate", "url": "http://127.0.0.1:1421"}
{"ts": 1780607023.3321035, "event": "embedded_command_end", "cmd": "navigate", "request_id": "serve-embedded-navigate", "ok": true, "error": null}
{"ts": 1780607033.369119, "event": "embedded_command_start", "cmd": "highlight_selector", "request_id": "browser-highlight", "url": null}
{"ts": 1780607033.4030159, "event": "embedded_command_end", "cmd": "highlight_selector", "request_id": "browser-highlight", "ok": false, "error": "could not resolve node id"}
{"ts": 1780607053.943084, "event": "embedded_command_start", "cmd": "navigate", "request_id": "serve-embedded-navigate", "url": "http://127.0.0.1:1421"}
{"ts": 1780607053.9661922, "event": "embedded_command_end", "cmd": "navigate", "request_id": "serve-embedded-navigate", "ok": true, "error": null}
{"ts": 1780607064.0867248, "event": "embedded_command_start", "cmd": "execute_locator", "request_id": "browser-execute", "url": null}
{"ts": 1780607218.6978378, "event": "embedded_command_start", "cmd": "navigate", "request_id": "serve-embedded-navigate", "url": "http://127.0.0.1:1421"}
{"ts": 1780607218.722377, "event": "embedded_command_end", "cmd": "navigate", "request_id": "serve-embedded-navigate", "ok": true, "error": null}
{"ts": 1780607228.8116338, "event": "embedded_command_start", "cmd": "execute_locator", "request_id": "browser-execute", "url": null}
{"ts": 1780607273.3457794, "event": "embedded_command_start", "cmd": "navigate", "request_id": "serve-embedded-navigate", "url": "http://127.0.0.1:1421"}
{"ts": 1780607273.3773115, "event": "embedded_command_end", "cmd": "navigate", "request_id": "serve-embedded-navigate", "ok": true, "error": null}
{"ts": 1780607283.5076723, "event": "embedded_command_start", "cmd": "navigate", "request_id": "browser-replay-1", "url": "http://127.0.0.1:1421"}
{"ts": 1780607283.5174174, "event": "embedded_command_end", "cmd": "navigate", "request_id": "browser-replay-1", "ok": true, "error": null}
{"ts": 1780607283.520853, "event": "embedded_command_start", "cmd": "execute_locator", "request_id": "browser-replay-2", "url": null}
{"ts": 1780607300.6428444, "event": "embedded_command_start", "cmd": "navigate", "request_id": "serve-embedded-navigate", "url": "http://127.0.0.1:1421"}
{"ts": 1780607300.673814, "event": "embedded_command_end", "cmd": "navigate", "request_id": "serve-embedded-navigate", "ok": true, "error": null}
{"ts": 1780607310.8237524, "event": "embedded_command_start", "cmd": "navigate", "request_id": "browser-replay-1", "url": "http://127.0.0.1:1421"}
{"ts": 1780607310.8333585, "event": "embedded_command_end", "cmd": "navigate", "request_id": "browser-replay-1", "ok": true, "error": null}
{"ts": 1780607310.8367157, "event": "embedded_command_start", "cmd": "execute_locator", "request_id": "browser-replay-2", "url": null}
{"ts": 1780607315.989809, "event": "embedded_command_start", "cmd": "execute_locator", "request_id": "browser-execute", "url": null}
{"ts": 1780607331.0361092, "event": "embedded_command_start", "cmd": "navigate", "request_id": "serve-embedded-navigate", "url": "http://127.0.0.1:1421"}
{"ts": 1780607331.059882, "event": "embedded_command_end", "cmd": "navigate", "request_id": "serve-embedded-navigate", "ok": true, "error": null}
{"ts": 1780607341.2635653, "event": "embedded_command_start", "cmd": "execute_locator", "request_id": "browser-execute", "url": null}
{"ts": 1780607353.4875011, "event": "embedded_command_start", "cmd": "execute_locator", "request_id": "browser-execute", "url": null}
{"ts": 1780607359.1427684, "event": "embedded_command_start", "cmd": "execute_locator", "request_id": "manual-test", "url": null}
{"ts": 1780607374.0929499, "event": "embedded_command_start", "cmd": "navigate", "request_id": "serve-embedded-navigate", "url": "http://127.0.0.1:1421"}
{"ts": 1780607374.1162927, "event": "embedded_command_end", "cmd": "navigate", "request_id": "serve-embedded-navigate", "ok": true, "error": null}
{"ts": 1780607388.2969887, "event": "embedded_command_start", "cmd": "execute_locator", "request_id": "manual-test", "url": null}
{"ts": 1780607449.1028152, "event": "embedded_command_start", "cmd": "navigate", "request_id": "serve-embedded-navigate", "url": "http://127.0.0.1:1421"}
{"ts": 1780607449.1260607, "event": "embedded_command_end", "cmd": "navigate", "request_id": "serve-embedded-navigate", "ok": true, "error": null}
{"ts": 1780607459.299115, "event": "embedded_command_start", "cmd": "navigate", "request_id": "browser-replay-1", "url": "http://127.0.0.1:1421"}
{"ts": 1780607459.309203, "event": "embedded_command_end", "cmd": "navigate", "request_id": "browser-replay-1", "ok": true, "error": null}
{"ts": 1780607459.312042, "event": "embedded_command_start", "cmd": "execute_locator", "request_id": "browser-replay-2", "url": null}
{"ts": 1780607464.5381672, "event": "embedded_command_start", "cmd": "execute_locator", "request_id": "manual-test", "url": null}
{"ts": 1780607481.1019163, "event": "embedded_command_start", "cmd": "navigate", "request_id": "serve-embedded-navigate", "url": "http://127.0.0.1:1421"}
{"ts": 1780607481.1246052, "event": "embedded_command_end", "cmd": "navigate", "request_id": "serve-embedded-navigate", "ok": true, "error": null}
{"ts": 1780607491.428855, "event": "embedded_command_start", "cmd": "execute_locator", "request_id": "manual-test", "url": null}
{"ts": 1780607522.9018884, "event": "embedded_command_start", "cmd": "navigate", "request_id": "serve-embedded-navigate", "url": "http://127.0.0.1:1421"}
{"ts": 1780607522.9267628, "event": "embedded_command_end", "cmd": "navigate", "request_id": "serve-embedded-navigate", "ok": true, "error": null}
{"ts": 1780607531.1100774, "event": "embedded_command_start", "cmd": "navigate", "request_id": "browser-replay-1", "url": "http://127.0.0.1:1421"}
{"ts": 1780607531.1199348, "event": "embedded_command_end", "cmd": "navigate", "request_id": "browser-replay-1", "ok": true, "error": null}
{"ts": 1780607531.1232395, "event": "embedded_command_start", "cmd": "execute_locator", "request_id": "browser-replay-2", "url": null}
{"ts": 1780607552.2986116, "event": "embedded_command_start", "cmd": "navigate", "request_id": "serve-embedded-navigate", "url": "http://127.0.0.1:1421"}
{"ts": 1780607552.3220882, "event": "embedded_command_end", "cmd": "navigate", "request_id": "serve-embedded-navigate", "ok": true, "error": null}
{"ts": 1780607560.4932702, "event": "embedded_command_start", "cmd": "navigate", "request_id": "browser-replay-1", "url": "http://127.0.0.1:1421"}
{"ts": 1780607560.5035632, "event": "embedded_command_end", "cmd": "navigate", "request_id": "browser-replay-1", "ok": true, "error": null}
{"ts": 1780607560.5069818, "event": "embedded_command_start", "cmd": "execute_locator", "request_id": "browser-replay-2", "url": null}
{"ts": 1780607581.2133677, "event": "embedded_command_start", "cmd": "navigate", "request_id": "serve-embedded-navigate", "url": "http://127.0.0.1:1421"}
{"ts": 1780607581.2379508, "event": "embedded_command_end", "cmd": "navigate", "request_id": "serve-embedded-navigate", "ok": true, "error": null}
{"ts": 1780607589.4084508, "event": "embedded_command_start", "cmd": "execute_locator", "request_id": "browser-execute", "url": null}
{"ts": 1780607626.4461353, "event": "embedded_command_start", "cmd": "navigate", "request_id": "nav", "url": "http://127.0.0.1:1421/"}
{"ts": 1780607626.470468, "event": "embedded_command_end", "cmd": "navigate", "request_id": "nav", "ok": true, "error": null}
{"ts": 1780607626.4717023, "event": "embedded_command_start", "cmd": "execute_locator", "request_id": "exec", "url": null}
{"ts": 1780607626.5090191, "event": "embedded_command_end", "cmd": "execute_locator", "request_id": "exec", "ok": true, "error": null}
{"ts": 1780607657.363104, "event": "embedded_command_start", "cmd": "navigate", "request_id": "serve-embedded-navigate", "url": "http://127.0.0.1:1421"}
{"ts": 1780607657.3875444, "event": "embedded_command_end", "cmd": "navigate", "request_id": "serve-embedded-navigate", "ok": true, "error": null}
{"ts": 1780607665.575766, "event": "embedded_command_start", "cmd": "navigate", "request_id": "browser-replay-1", "url": "http://127.0.0.1:1421"}
{"ts": 1780607665.585369, "event": "embedded_command_end", "cmd": "navigate", "request_id": "browser-replay-1", "ok": true, "error": null}
{"ts": 1780607665.588511, "event": "embedded_command_start", "cmd": "execute_locator", "request_id": "browser-replay-2", "url": null}
{"ts": 1780607824.1216307, "event": "embedded_command_start", "cmd": "navigate", "request_id": "serve-embedded-navigate", "url": "http://127.0.0.1:1421"}
{"ts": 1780607824.144618, "event": "embedded_command_end", "cmd": "navigate", "request_id": "serve-embedded-navigate", "ok": true, "error": null}
{"ts": 1780607834.3491073, "event": "embedded_command_start", "cmd": "navigate", "request_id": "browser-replay-1", "url": "http://127.0.0.1:1421"}
{"ts": 1780607834.3590753, "event": "embedded_command_end", "cmd": "navigate", "request_id": "browser-replay-1", "ok": true, "error": null}
{"ts": 1780607834.3620443, "event": "embedded_command_start", "cmd": "execute_locator", "request_id": "browser-replay-2", "url": null}
{"ts": 1780607834.3960693, "event": "embedded_command_end", "cmd": "execute_locator", "request_id": "browser-replay-2", "ok": true, "error": null}
{"ts": 1780607839.9037845, "event": "embedded_command_start", "cmd": "navigate", "request_id": "browser-replay-1", "url": "http://127.0.0.1:1421"}
{"ts": 1780607839.9138906, "event": "embedded_command_end", "cmd": "navigate", "request_id": "browser-replay-1", "ok": true, "error": null}
{"ts": 1780607839.9172847, "event": "embedded_command_start", "cmd": "execute_locator", "request_id": "browser-replay-2", "url": null}
{"ts": 1780607839.9318063, "event": "embedded_command_end", "cmd": "execute_locator", "request_id": "browser-replay-2", "ok": true, "error": null}
{"ts": 1780613037.0355985, "event": "embedded_command_start", "cmd": "navigate", "request_id": "serve-embedded-navigate", "url": "http://127.0.0.1:1420/?e2e=1"}
{"ts": 1780613037.1012971, "event": "embedded_command_end", "cmd": "navigate", "request_id": "serve-embedded-navigate", "ok": true, "error": null}
{"ts": 1780613100.73415, "event": "embedded_command_start", "cmd": "get_page_snapshot", "request_id": "browser-doctor", "url": null}
{"ts": 1780613100.7413824, "event": "embedded_command_end", "cmd": "get_page_snapshot", "request_id": "browser-doctor", "ok": true, "error": null}
{"ts": 1780613100.7433314, "event": "embedded_command_start", "cmd": "navigate", "request_id": "browser-replay-1", "url": "http://127.0.0.1:1420/?e2e=1"}
{"ts": 1780613100.7778034, "event": "embedded_command_end", "cmd": "navigate", "request_id": "browser-replay-1", "ok": true, "error": null}
{"ts": 1780613100.781708, "event": "embedded_command_start", "cmd": "get_page_snapshot", "request_id": "browser-doctor", "url": null}
{"ts": 1780613100.788822, "event": "embedded_command_end", "cmd": "get_page_snapshot", "request_id": "browser-doctor", "ok": true, "error": null}
{"ts": 1780613100.790766, "event": "embedded_command_start", "cmd": "open_project", "request_id": "browser-replay-2", "url": null}
{"ts": 1780613100.9990613, "event": "embedded_command_end", "cmd": "open_project", "request_id": "browser-replay-2", "ok": true, "error": null}
{"ts": 1780613101.0031457, "event": "embedded_command_start", "cmd": "get_page_snapshot", "request_id": "browser-doctor", "url": null}
{"ts": 1780613101.009023, "event": "embedded_command_end", "cmd": "get_page_snapshot", "request_id": "browser-doctor", "ok": true, "error": null}
{"ts": 1780613101.0118728, "event": "embedded_command_start", "cmd": "execute_locator", "request_id": "browser-replay-3", "url": null}
{"ts": 1780613106.0287445, "event": "embedded_command_end", "cmd": "execute_locator", "request_id": "browser-replay-3", "ok": false, "error": "Locator.wait_for: Timeout 5000ms exceeded.\nCall log:\n  - waiting for locator(\"[data-testid=\\\"TerminalTab\\\"]\").first to be visible\n"}
{"ts": 1780613113.7907825, "event": "embedded_command_start", "cmd": "get_page_snapshot", "request_id": "browser-doctor", "url": null}
{"ts": 1780613113.7946706, "event": "embedded_command_end", "cmd": "get_page_snapshot", "request_id": "browser-doctor", "ok": true, "error": null}
{"ts": 1780613113.797091, "event": "embedded_command_start", "cmd": "get_page_snapshot", "request_id": "browser-snapshot", "url": null}
{"ts": 1780613113.8006082, "event": "embedded_command_end", "cmd": "get_page_snapshot", "request_id": "browser-snapshot", "ok": true, "error": null}
{"ts": 1780613161.4500232, "event": "embedded_command_start", "cmd": "get_page_snapshot", "request_id": "browser-doctor", "url": null}
{"ts": 1780613161.4536343, "event": "embedded_command_end", "cmd": "get_page_snapshot", "request_id": "browser-doctor", "ok": true, "error": null}
{"ts": 1780613161.4553375, "event": "embedded_command_start", "cmd": "navigate", "request_id": "browser-navigate", "url": "http://127.0.0.1:1420/?e2e=1"}
{"ts": 1780613161.4782872, "event": "embedded_command_end", "cmd": "navigate", "request_id": "browser-navigate", "ok": true, "error": null}
{"ts": 1780613162.5040698, "event": "embedded_command_start", "cmd": "get_page_snapshot", "request_id": "browser-doctor", "url": null}
{"ts": 1780613162.5093267, "event": "embedded_command_end", "cmd": "get_page_snapshot", "request_id": "browser-doctor", "ok": true, "error": null}
{"ts": 1780613162.5114083, "event": "embedded_command_start", "cmd": "execute_locator", "request_id": "browser-execute", "url": null}
{"ts": 1780613162.5116935, "event": "embedded_command_end", "cmd": "execute_locator", "request_id": "browser-execute", "ok": false, "error": "selector is required"}
{"ts": 1780613165.572782, "event": "embedded_command_start", "cmd": "get_page_snapshot", "request_id": "browser-doctor", "url": null}
{"ts": 1780613165.5767102, "event": "embedded_command_end", "cmd": "get_page_snapshot", "request_id": "browser-doctor", "ok": true, "error": null}
{"ts": 1780613165.579087, "event": "embedded_command_start", "cmd": "get_page_snapshot", "request_id": "browser-snapshot", "url": null}
{"ts": 1780613165.5820277, "event": "embedded_command_end", "cmd": "get_page_snapshot", "request_id": "browser-snapshot", "ok": true, "error": null}
{"ts": 1780613177.9890122, "event": "embedded_command_start", "cmd": "get_page_snapshot", "request_id": "browser-doctor", "url": null}
{"ts": 1780613177.993149, "event": "embedded_command_end", "cmd": "get_page_snapshot", "request_id": "browser-doctor", "ok": true, "error": null}
{"ts": 1780613177.9951067, "event": "embedded_command_start", "cmd": "get_page_snapshot", "request_id": "browser-snapshot", "url": null}
{"ts": 1780613177.9980352, "event": "embedded_command_end", "cmd": "get_page_snapshot", "request_id": "browser-snapshot", "ok": true, "error": null}
{"ts": 1780613470.0644977, "event": "embedded_command_start", "cmd": "navigate", "request_id": "serve-embedded-navigate", "url": "http://127.0.0.1:1420/?e2e=1"}
{"ts": 1780613470.1318457, "event": "embedded_command_end", "cmd": "navigate", "request_id": "serve-embedded-navigate", "ok": true, "error": null}
{"ts": 1780613475.6434903, "event": "embedded_command_start", "cmd": "get_page_snapshot", "request_id": "browser-doctor", "url": null}
{"ts": 1780613475.6505892, "event": "embedded_command_end", "cmd": "get_page_snapshot", "request_id": "browser-doctor", "ok": true, "error": null}
{"ts": 1780613480.5246642, "event": "embedded_command_start", "cmd": "get_page_snapshot", "request_id": "browser-doctor", "url": null}
{"ts": 1780613480.5296092, "event": "embedded_command_end", "cmd": "get_page_snapshot", "request_id": "browser-doctor", "ok": true, "error": null}
{"ts": 1780613480.5315685, "event": "embedded_command_start", "cmd": "navigate", "request_id": "browser-replay-1", "url": "http://127.0.0.1:1420/?e2e=1"}
{"ts": 1780613480.5648842, "event": "embedded_command_end", "cmd": "navigate", "request_id": "browser-replay-1", "ok": true, "error": null}
{"ts": 1780613480.5685453, "event": "embedded_command_start", "cmd": "get_page_snapshot", "request_id": "browser-doctor", "url": null}
{"ts": 1780613480.5771468, "event": "embedded_command_end", "cmd": "get_page_snapshot", "request_id": "browser-doctor", "ok": true, "error": null}
{"ts": 1780613480.5794048, "event": "embedded_command_start", "cmd": "open_project", "request_id": "browser-replay-2", "url": null}
{"ts": 1780613481.132355, "event": "embedded_command_end", "cmd": "open_project", "request_id": "browser-replay-2", "ok": true, "error": null}
{"ts": 1780613481.1360748, "event": "embedded_command_start", "cmd": "get_page_snapshot", "request_id": "browser-doctor", "url": null}
{"ts": 1780613481.1483846, "event": "embedded_command_end", "cmd": "get_page_snapshot", "request_id": "browser-doctor", "ok": true, "error": null}
{"ts": 1780613481.1510372, "event": "embedded_command_start", "cmd": "execute_locator", "request_id": "browser-replay-3", "url": null}
{"ts": 1780613481.190109, "event": "embedded_command_end", "cmd": "execute_locator", "request_id": "browser-replay-3", "ok": true, "error": null}
{"ts": 1780613481.1935837, "event": "embedded_command_start", "cmd": "get_page_snapshot", "request_id": "browser-doctor", "url": null}
{"ts": 1780613481.2001565, "event": "embedded_command_end", "cmd": "get_page_snapshot", "request_id": "browser-doctor", "ok": true, "error": null}
{"ts": 1780613481.2027194, "event": "embedded_command_start", "cmd": "execute_locator", "request_id": "browser-replay-4", "url": null}
{"ts": 1780613482.0314047, "event": "embedded_command_end", "cmd": "execute_locator", "request_id": "browser-replay-4", "ok": true, "error": null}
{"ts": 1780613482.0344481, "event": "embedded_command_start", "cmd": "get_page_snapshot", "request_id": "browser-doctor", "url": null}
{"ts": 1780613482.0401304, "event": "embedded_command_end", "cmd": "get_page_snapshot", "request_id": "browser-doctor", "ok": true, "error": null}
{"ts": 1780613482.0424542, "event": "embedded_command_start", "cmd": "execute_locator", "request_id": "browser-replay-5", "url": null}
{"ts": 1780613482.0849397, "event": "embedded_command_end", "cmd": "execute_locator", "request_id": "browser-replay-5", "ok": true, "error": null}
{"ts": 1780613482.0877988, "event": "embedded_command_start", "cmd": "get_page_snapshot", "request_id": "browser-doctor", "url": null}
{"ts": 1780613482.093674, "event": "embedded_command_end", "cmd": "get_page_snapshot", "request_id": "browser-doctor", "ok": true, "error": null}
{"ts": 1780613482.0964227, "event": "embedded_command_start", "cmd": "execute_locator", "request_id": "browser-replay-6", "url": null}
{"ts": 1780613482.1007283, "event": "embedded_command_end", "cmd": "execute_locator", "request_id": "browser-replay-6", "ok": true, "error": null}
{"ts": 1780613507.5666037, "event": "embedded_command_start", "cmd": "get_page_snapshot", "request_id": "browser-doctor", "url": null}
{"ts": 1780613507.5719113, "event": "embedded_command_end", "cmd": "get_page_snapshot", "request_id": "browser-doctor", "ok": true, "error": null}
{"ts": 1780613515.1211958, "event": "embedded_command_start", "cmd": "get_page_snapshot", "request_id": "browser-doctor", "url": null}
{"ts": 1780613515.1268117, "event": "embedded_command_end", "cmd": "get_page_snapshot", "request_id": "browser-doctor", "ok": true, "error": null}
{"ts": 1780613515.1299963, "event": "embedded_command_start", "cmd": "get_page_snapshot", "request_id": "browser-doctor", "url": null}
{"ts": 1780613515.1347818, "event": "embedded_command_end", "cmd": "get_page_snapshot", "request_id": "browser-doctor", "ok": true, "error": null}
{"ts": 1780613516.813462, "event": "embedded_command_start", "cmd": "navigate", "request_id": "serve-embedded-navigate", "url": "http://127.0.0.1:1420/?e2e=1"}
{"ts": 1780613516.8789244, "event": "embedded_command_end", "cmd": "navigate", "request_id": "serve-embedded-navigate", "ok": true, "error": null}
{"ts": 1780613578.3255434, "event": "embedded_command_start", "cmd": "get_page_snapshot", "request_id": "browser-doctor", "url": null}
{"ts": 1780613578.3328497, "event": "embedded_command_end", "cmd": "get_page_snapshot", "request_id": "browser-doctor", "ok": true, "error": null}
{"ts": 1780613578.3349621, "event": "embedded_command_start", "cmd": "navigate", "request_id": "browser-replay-1", "url": "http://127.0.0.1:1420/?e2e=1"}
{"ts": 1780613578.3720858, "event": "embedded_command_end", "cmd": "navigate", "request_id": "browser-replay-1", "ok": true, "error": null}
{"ts": 1780613578.3768945, "event": "embedded_command_start", "cmd": "get_page_snapshot", "request_id": "browser-doctor", "url": null}
{"ts": 1780613578.3863635, "event": "embedded_command_end", "cmd": "get_page_snapshot", "request_id": "browser-doctor", "ok": true, "error": null}
{"ts": 1780613578.388726, "event": "embedded_command_start", "cmd": "open_project", "request_id": "browser-replay-2", "url": null}
{"ts": 1780613578.9817698, "event": "embedded_command_end", "cmd": "open_project", "request_id": "browser-replay-2", "ok": true, "error": null}
{"ts": 1780613578.985026, "event": "embedded_command_start", "cmd": "get_page_snapshot", "request_id": "browser-doctor", "url": null}
{"ts": 1780613578.9918454, "event": "embedded_command_end", "cmd": "get_page_snapshot", "request_id": "browser-doctor", "ok": true, "error": null}
{"ts": 1780613578.9941378, "event": "embedded_command_start", "cmd": "execute_locator", "request_id": "browser-replay-3", "url": null}
{"ts": 1780613579.015069, "event": "embedded_command_end", "cmd": "execute_locator", "request_id": "browser-replay-3", "ok": true, "error": null}
{"ts": 1780613579.0181308, "event": "embedded_command_start", "cmd": "get_page_snapshot", "request_id": "browser-doctor", "url": null}
{"ts": 1780613579.0241647, "event": "embedded_command_end", "cmd": "get_page_snapshot", "request_id": "browser-doctor", "ok": true, "error": null}
{"ts": 1780613579.0266318, "event": "embedded_command_start", "cmd": "execute_locator", "request_id": "browser-replay-4", "url": null}
{"ts": 1780613579.8511088, "event": "embedded_command_end", "cmd": "execute_locator", "request_id": "browser-replay-4", "ok": true, "error": null}
{"ts": 1780613579.8541596, "event": "embedded_command_start", "cmd": "get_page_snapshot", "request_id": "browser-doctor", "url": null}
{"ts": 1780613579.8611114, "event": "embedded_command_end", "cmd": "get_page_snapshot", "request_id": "browser-doctor", "ok": true, "error": null}
{"ts": 1780613579.8635414, "event": "embedded_command_start", "cmd": "execute_locator", "request_id": "browser-replay-5", "url": null}
{"ts": 1780613579.8983223, "event": "embedded_command_end", "cmd": "execute_locator", "request_id": "browser-replay-5", "ok": true, "error": null}
{"ts": 1780613579.90117, "event": "embedded_command_start", "cmd": "get_page_snapshot", "request_id": "browser-doctor", "url": null}
{"ts": 1780613579.9066985, "event": "embedded_command_end", "cmd": "get_page_snapshot", "request_id": "browser-doctor", "ok": true, "error": null}
{"ts": 1780613579.9096963, "event": "embedded_command_start", "cmd": "execute_locator", "request_id": "browser-replay-6", "url": null}
{"ts": 1780613579.91393, "event": "embedded_command_end", "cmd": "execute_locator", "request_id": "browser-replay-6", "ok": true, "error": null}
{"ts": 1780614400.9896035, "event": "embedded_command_start", "cmd": "navigate", "request_id": "serve-embedded-navigate", "url": "http://127.0.0.1:1420/?e2e=1"}
{"ts": 1780614401.0741642, "event": "embedded_command_end", "cmd": "navigate", "request_id": "serve-embedded-navigate", "ok": true, "error": null}
{"ts": 1780614406.923035, "event": "embedded_command_start", "cmd": "get_page_snapshot", "request_id": "browser-doctor", "url": null}
{"ts": 1780614406.930057, "event": "embedded_command_end", "cmd": "get_page_snapshot", "request_id": "browser-doctor", "ok": true, "error": null}
{"ts": 1780614406.9496214, "event": "embedded_command_start", "cmd": "get_page_snapshot", "request_id": "browser-doctor", "url": null}
{"ts": 1780614406.9539442, "event": "embedded_command_end", "cmd": "get_page_snapshot", "request_id": "browser-doctor", "ok": true, "error": null}
{"ts": 1780614406.9558253, "event": "embedded_command_start", "cmd": "navigate", "request_id": "browser-replay-1", "url": "http://127.0.0.1:1420/?e2e=1"}
{"ts": 1780614406.982803, "event": "embedded_command_end", "cmd": "navigate", "request_id": "browser-replay-1", "ok": true, "error": null}
{"ts": 1780614406.986326, "event": "embedded_command_start", "cmd": "get_page_snapshot", "request_id": "browser-doctor", "url": null}
{"ts": 1780614406.99627, "event": "embedded_command_end", "cmd": "get_page_snapshot", "request_id": "browser-doctor", "ok": true, "error": null}
{"ts": 1780614406.9983163, "event": "embedded_command_start", "cmd": "open_project", "request_id": "browser-replay-2", "url": null}
{"ts": 1780614407.5889418, "event": "embedded_command_end", "cmd": "open_project", "request_id": "browser-replay-2", "ok": true, "error": null}
{"ts": 1780614407.5924625, "event": "embedded_command_start", "cmd": "get_page_snapshot", "request_id": "browser-doctor", "url": null}
{"ts": 1780614407.6007593, "event": "embedded_command_end", "cmd": "get_page_snapshot", "request_id": "browser-doctor", "ok": true, "error": null}
{"ts": 1780614407.6035633, "event": "embedded_command_start", "cmd": "execute_locator", "request_id": "browser-replay-3", "url": null}
{"ts": 1780614407.653255, "event": "embedded_command_end", "cmd": "execute_locator", "request_id": "browser-replay-3", "ok": true, "error": null}
{"ts": 1780614407.65701, "event": "embedded_command_start", "cmd": "get_page_snapshot", "request_id": "browser-doctor", "url": null}
{"ts": 1780614407.6635594, "event": "embedded_command_end", "cmd": "get_page_snapshot", "request_id": "browser-doctor", "ok": true, "error": null}
{"ts": 1780614407.665823, "event": "embedded_command_start", "cmd": "execute_locator", "request_id": "browser-replay-4", "url": null}
{"ts": 1780614408.48437, "event": "embedded_command_end", "cmd": "execute_locator", "request_id": "browser-replay-4", "ok": true, "error": null}
{"ts": 1780614408.4875982, "event": "embedded_command_start", "cmd": "get_page_snapshot", "request_id": "browser-doctor", "url": null}
{"ts": 1780614408.494702, "event": "embedded_command_end", "cmd": "get_page_snapshot", "request_id": "browser-doctor", "ok": true, "error": null}
{"ts": 1780614408.4970665, "event": "embedded_command_start", "cmd": "execute_locator", "request_id": "browser-replay-5", "url": null}
{"ts": 1780614408.5335407, "event": "embedded_command_end", "cmd": "execute_locator", "request_id": "browser-replay-5", "ok": true, "error": null}
{"ts": 1780614408.536564, "event": "embedded_command_start", "cmd": "get_page_snapshot", "request_id": "browser-doctor", "url": null}
{"ts": 1780614408.5434282, "event": "embedded_command_end", "cmd": "get_page_snapshot", "request_id": "browser-doctor", "ok": true, "error": null}
{"ts": 1780614408.5460126, "event": "embedded_command_start", "cmd": "execute_locator", "request_id": "browser-replay-6", "url": null}
{"ts": 1780614408.5501192, "event": "embedded_command_end", "cmd": "execute_locator", "request_id": "browser-replay-6", "ok": true, "error": null}
{"ts": 1780615426.4142306, "event": "embedded_command_start", "cmd": "get_page_snapshot", "request_id": "browser-doctor", "url": null}
{"ts": 1780615426.4224837, "event": "embedded_command_end", "cmd": "get_page_snapshot", "request_id": "browser-doctor", "ok": true, "error": null}
{"ts": 1780615907.7873025, "event": "embedded_command_start", "cmd": "get_page_snapshot", "request_id": "browser-doctor", "url": null}
{"ts": 1780615907.7937372, "event": "embedded_command_end", "cmd": "get_page_snapshot", "request_id": "browser-doctor", "ok": true, "error": null}
{"ts": 1780615944.8609004, "event": "embedded_command_start", "cmd": "get_page_snapshot", "request_id": "browser-doctor", "url": null}
{"ts": 1780615944.864817, "event": "embedded_command_end", "cmd": "get_page_snapshot", "request_id": "browser-doctor", "ok": true, "error": null}
{"ts": 1780615944.8674748, "event": "embedded_command_start", "cmd": "get_page_snapshot", "request_id": "browser-doctor", "url": null}
{"ts": 1780615944.8705375, "event": "embedded_command_end", "cmd": "get_page_snapshot", "request_id": "browser-doctor", "ok": true, "error": null}
{"ts": 1780615995.4804313, "event": "embedded_command_start", "cmd": "get_page_snapshot", "request_id": "browser-doctor", "url": null}
{"ts": 1780615995.4873836, "event": "embedded_command_end", "cmd": "get_page_snapshot", "request_id": "browser-doctor", "ok": true, "error": null}
{"ts": 1780615995.4904332, "event": "embedded_command_start", "cmd": "get_page_snapshot", "request_id": "browser-doctor", "url": null}
{"ts": 1780615995.493658, "event": "embedded_command_end", "cmd": "get_page_snapshot", "request_id": "browser-doctor", "ok": true, "error": null}
{"ts": 1780616111.3745646, "event": "embedded_command_start", "cmd": "get_page_snapshot", "request_id": "browser-doctor", "url": null}
{"ts": 1780616111.3814244, "event": "embedded_command_end", "cmd": "get_page_snapshot", "request_id": "browser-doctor", "ok": true, "error": null}
{"ts": 1780616349.3908052, "event": "embedded_command_start", "cmd": "get_page_snapshot", "request_id": "browser-doctor", "url": null}
{"ts": 1780616349.394494, "event": "embedded_command_end", "cmd": "get_page_snapshot", "request_id": "browser-doctor", "ok": true, "error": null}
{"ts": 1780616349.396237, "event": "embedded_command_start", "cmd": "navigate", "request_id": "browser-replay-1", "url": "http://127.0.0.1:1420/?e2e=1"}
{"ts": 1780616349.479654, "event": "embedded_command_end", "cmd": "navigate", "request_id": "browser-replay-1", "ok": true, "error": null}
{"ts": 1780618205.3530228, "event": "embedded_command_start", "cmd": "get_page_snapshot", "request_id": "browser-doctor", "url": null}
{"ts": 1780618205.3582478, "event": "embedded_command_end", "cmd": "get_page_snapshot", "request_id": "browser-doctor", "ok": true, "error": null}
{"ts": 1780618205.3599749, "event": "embedded_command_start", "cmd": "navigate", "request_id": "browser-replay-1", "url": "http://127.0.0.1:1420/?e2e=1"}
{"ts": 1780618205.3853014, "event": "embedded_command_end", "cmd": "navigate", "request_id": "browser-replay-1", "ok": true, "error": null}
{"ts": 1780618205.38952, "event": "embedded_command_start", "cmd": "get_page_snapshot", "request_id": "browser-doctor", "url": null}
{"ts": 1780618205.3966513, "event": "embedded_command_end", "cmd": "get_page_snapshot", "request_id": "browser-doctor", "ok": true, "error": null}
{"ts": 1780618205.3987024, "event": "embedded_command_start", "cmd": "open_project", "request_id": "browser-replay-2", "url": null}
{"ts": 1780618206.1903799, "event": "embedded_command_end", "cmd": "open_project", "request_id": "browser-replay-2", "ok": true, "error": null}
{"ts": 1780618210.1131678, "event": "embedded_command_start", "cmd": "get_page_snapshot", "request_id": "browser-doctor", "url": null}
{"ts": 1780618210.119943, "event": "embedded_command_end", "cmd": "get_page_snapshot", "request_id": "browser-doctor", "ok": true, "error": null}
{"ts": 1780618210.122166, "event": "embedded_command_start", "cmd": "navigate", "request_id": "browser-replay-1", "url": "http://127.0.0.1:1420/?e2e=1"}
{"ts": 1780618210.1450598, "event": "embedded_command_end", "cmd": "navigate", "request_id": "browser-replay-1", "ok": true, "error": null}
{"ts": 1780618210.1486118, "event": "embedded_command_start", "cmd": "get_page_snapshot", "request_id": "browser-doctor", "url": null}
{"ts": 1780618210.1572506, "event": "embedded_command_end", "cmd": "get_page_snapshot", "request_id": "browser-doctor", "ok": true, "error": null}
{"ts": 1780618210.1593611, "event": "embedded_command_start", "cmd": "open_project", "request_id": "browser-replay-2", "url": null}
{"ts": 1780618210.67312, "event": "embedded_command_end", "cmd": "open_project", "request_id": "browser-replay-2", "ok": true, "error": null}
{"ts": 1780618210.6767123, "event": "embedded_command_start", "cmd": "get_page_snapshot", "request_id": "browser-doctor", "url": null}
{"ts": 1780618210.6820476, "event": "embedded_command_end", "cmd": "get_page_snapshot", "request_id": "browser-doctor", "ok": true, "error": null}
{"ts": 1780618210.6843405, "event": "embedded_command_start", "cmd": "execute_locator", "request_id": "browser-replay-3", "url": null}
{"ts": 1780618210.7187781, "event": "embedded_command_end", "cmd": "execute_locator", "request_id": "browser-replay-3", "ok": true, "error": null}
{"ts": 1780618215.5104337, "event": "embedded_command_start", "cmd": "get_page_snapshot", "request_id": "browser-doctor", "url": null}
{"ts": 1780618215.516833, "event": "embedded_command_end", "cmd": "get_page_snapshot", "request_id": "browser-doctor", "ok": true, "error": null}
{"ts": 1780618215.5192356, "event": "embedded_command_start", "cmd": "navigate", "request_id": "browser-replay-1", "url": "http://127.0.0.1:1420/?e2e=1"}
{"ts": 1780618215.5433047, "event": "embedded_command_end", "cmd": "navigate", "request_id": "browser-replay-1", "ok": true, "error": null}
{"ts": 1780618215.5477355, "event": "embedded_command_start", "cmd": "get_page_snapshot", "request_id": "browser-doctor", "url": null}
{"ts": 1780618215.5538154, "event": "embedded_command_end", "cmd": "get_page_snapshot", "request_id": "browser-doctor", "ok": true, "error": null}
{"ts": 1780618215.5560968, "event": "embedded_command_start", "cmd": "open_project", "request_id": "browser-replay-2", "url": null}
{"ts": 1780618216.3218923, "event": "embedded_command_end", "cmd": "open_project", "request_id": "browser-replay-2", "ok": true, "error": null}
{"ts": 1780618216.3254752, "event": "embedded_command_start", "cmd": "get_page_snapshot", "request_id": "browser-doctor", "url": null}
{"ts": 1780618216.3325586, "event": "embedded_command_end", "cmd": "get_page_snapshot", "request_id": "browser-doctor", "ok": true, "error": null}
{"ts": 1780618216.335104, "event": "embedded_command_start", "cmd": "execute_locator", "request_id": "browser-replay-3", "url": null}
{"ts": 1780618216.3642926, "event": "embedded_command_end", "cmd": "execute_locator", "request_id": "browser-replay-3", "ok": true, "error": null}
{"ts": 1780618216.3687606, "event": "embedded_command_start", "cmd": "get_page_snapshot", "request_id": "browser-doctor", "url": null}
{"ts": 1780618216.378866, "event": "embedded_command_end", "cmd": "get_page_snapshot", "request_id": "browser-doctor", "ok": true, "error": null}
{"ts": 1780618216.381884, "event": "embedded_command_start", "cmd": "execute_locator", "request_id": "browser-replay-4", "url": null}
{"ts": 1780618217.2173316, "event": "embedded_command_end", "cmd": "execute_locator", "request_id": "browser-replay-4", "ok": true, "error": null}
{"ts": 1780618221.1417966, "event": "embedded_command_start", "cmd": "get_page_snapshot", "request_id": "browser-doctor", "url": null}
{"ts": 1780618221.1476033, "event": "embedded_command_end", "cmd": "get_page_snapshot", "request_id": "browser-doctor", "ok": true, "error": null}
{"ts": 1780618221.1496706, "event": "embedded_command_start", "cmd": "navigate", "request_id": "browser-replay-1", "url": "http://127.0.0.1:1420/?e2e=1"}
{"ts": 1780618221.1755621, "event": "embedded_command_end", "cmd": "navigate", "request_id": "browser-replay-1", "ok": true, "error": null}
{"ts": 1780618221.1790924, "event": "embedded_command_start", "cmd": "get_page_snapshot", "request_id": "browser-doctor", "url": null}
{"ts": 1780618221.184729, "event": "embedded_command_end", "cmd": "get_page_snapshot", "request_id": "browser-doctor", "ok": true, "error": null}
{"ts": 1780618221.1867769, "event": "embedded_command_start", "cmd": "open_project", "request_id": "browser-replay-2", "url": null}
{"ts": 1780618221.9925306, "event": "embedded_command_end", "cmd": "open_project", "request_id": "browser-replay-2", "ok": true, "error": null}
{"ts": 1780618221.9957933, "event": "embedded_command_start", "cmd": "get_page_snapshot", "request_id": "browser-doctor", "url": null}
{"ts": 1780618222.0030184, "event": "embedded_command_end", "cmd": "get_page_snapshot", "request_id": "browser-doctor", "ok": true, "error": null}
{"ts": 1780618222.005616, "event": "embedded_command_start", "cmd": "execute_locator", "request_id": "browser-replay-3", "url": null}
{"ts": 1780618222.0472176, "event": "embedded_command_end", "cmd": "execute_locator", "request_id": "browser-replay-3", "ok": true, "error": null}
{"ts": 1780618222.0505867, "event": "embedded_command_start", "cmd": "get_page_snapshot", "request_id": "browser-doctor", "url": null}
{"ts": 1780618222.057901, "event": "embedded_command_end", "cmd": "get_page_snapshot", "request_id": "browser-doctor", "ok": true, "error": null}
{"ts": 1780618222.0604265, "event": "embedded_command_start", "cmd": "execute_locator", "request_id": "browser-replay-4", "url": null}
{"ts": 1780618222.8811746, "event": "embedded_command_end", "cmd": "execute_locator", "request_id": "browser-replay-4", "ok": true, "error": null}
{"ts": 1780618222.884042, "event": "embedded_command_start", "cmd": "get_page_snapshot", "request_id": "browser-doctor", "url": null}
{"ts": 1780618222.8907266, "event": "embedded_command_end", "cmd": "get_page_snapshot", "request_id": "browser-doctor", "ok": true, "error": null}
{"ts": 1780618222.8930957, "event": "embedded_command_start", "cmd": "execute_locator", "request_id": "browser-replay-5", "url": null}
{"ts": 1780618222.9280365, "event": "embedded_command_end", "cmd": "execute_locator", "request_id": "browser-replay-5", "ok": true, "error": null}
{"ts": 1780618226.7239401, "event": "embedded_command_start", "cmd": "get_page_snapshot", "request_id": "browser-doctor", "url": null}
{"ts": 1780618226.7309835, "event": "embedded_command_end", "cmd": "get_page_snapshot", "request_id": "browser-doctor", "ok": true, "error": null}
{"ts": 1780618226.7329955, "event": "embedded_command_start", "cmd": "navigate", "request_id": "browser-replay-1", "url": "http://127.0.0.1:1420/?e2e=1"}
{"ts": 1780618226.7582154, "event": "embedded_command_end", "cmd": "navigate", "request_id": "browser-replay-1", "ok": true, "error": null}
{"ts": 1780618226.7622173, "event": "embedded_command_start", "cmd": "get_page_snapshot", "request_id": "browser-doctor", "url": null}
{"ts": 1780618226.7686148, "event": "embedded_command_end", "cmd": "get_page_snapshot", "request_id": "browser-doctor", "ok": true, "error": null}
{"ts": 1780618226.7708201, "event": "embedded_command_start", "cmd": "open_project", "request_id": "browser-replay-2", "url": null}
{"ts": 1780618227.5049825, "event": "embedded_command_end", "cmd": "open_project", "request_id": "browser-replay-2", "ok": true, "error": null}
{"ts": 1780618227.508085, "event": "embedded_command_start", "cmd": "get_page_snapshot", "request_id": "browser-doctor", "url": null}
{"ts": 1780618227.5137725, "event": "embedded_command_end", "cmd": "get_page_snapshot", "request_id": "browser-doctor", "ok": true, "error": null}
{"ts": 1780618227.516517, "event": "embedded_command_start", "cmd": "execute_locator", "request_id": "browser-replay-3", "url": null}
{"ts": 1780618227.562109, "event": "embedded_command_end", "cmd": "execute_locator", "request_id": "browser-replay-3", "ok": true, "error": null}
{"ts": 1780618227.5654564, "event": "embedded_command_start", "cmd": "get_page_snapshot", "request_id": "browser-doctor", "url": null}
{"ts": 1780618227.5766654, "event": "embedded_command_end", "cmd": "get_page_snapshot", "request_id": "browser-doctor", "ok": true, "error": null}
{"ts": 1780618227.5790222, "event": "embedded_command_start", "cmd": "execute_locator", "request_id": "browser-replay-4", "url": null}
{"ts": 1780618228.393955, "event": "embedded_command_end", "cmd": "execute_locator", "request_id": "browser-replay-4", "ok": true, "error": null}
{"ts": 1780618228.3970015, "event": "embedded_command_start", "cmd": "get_page_snapshot", "request_id": "browser-doctor", "url": null}
{"ts": 1780618228.4033287, "event": "embedded_command_end", "cmd": "get_page_snapshot", "request_id": "browser-doctor", "ok": true, "error": null}
{"ts": 1780618228.4057684, "event": "embedded_command_start", "cmd": "execute_locator", "request_id": "browser-replay-5", "url": null}
{"ts": 1780618228.4444447, "event": "embedded_command_end", "cmd": "execute_locator", "request_id": "browser-replay-5", "ok": true, "error": null}
{"ts": 1780618228.447318, "event": "embedded_command_start", "cmd": "get_page_snapshot", "request_id": "browser-doctor", "url": null}
{"ts": 1780618228.4519591, "event": "embedded_command_end", "cmd": "get_page_snapshot", "request_id": "browser-doctor", "ok": true, "error": null}
{"ts": 1780618228.4543004, "event": "embedded_command_start", "cmd": "execute_locator", "request_id": "browser-replay-6", "url": null}
{"ts": 1780618228.458208, "event": "embedded_command_end", "cmd": "execute_locator", "request_id": "browser-replay-6", "ok": true, "error": null}
